Archive member included to satisfy reference by file (symbol)

d:/e203/nucleistudio/toolchain/gcc/bin/../lib/gcc/riscv-nuclei-elf/10.2.0/rv32imac/ilp32\libgcc.a(_divdi3.o)
                              ./hbird_sdk/SoC/hbirdv2/Common/Source/Stubs/gettimeofday.o (__divdi3)
d:/e203/nucleistudio/toolchain/gcc/bin/../lib/gcc/riscv-nuclei-elf/10.2.0/rv32imac/ilp32\libgcc.a(_udivdi3.o)
                              ./hbird_sdk/SoC/hbirdv2/Common/Source/Stubs/gettimeofday.o (__udivdi3)
d:/e203/nucleistudio/toolchain/gcc/bin/../lib/gcc/riscv-nuclei-elf/10.2.0/rv32imac/ilp32\libgcc.a(_umoddi3.o)
                              ./hbird_sdk/SoC/hbirdv2/Common/Source/Stubs/gettimeofday.o (__umoddi3)
d:/e203/nucleistudio/toolchain/gcc/bin/../lib/gcc/riscv-nuclei-elf/10.2.0/rv32imac/ilp32\libgcc.a(_clz.o)
                              d:/e203/nucleistudio/toolchain/gcc/bin/../lib/gcc/riscv-nuclei-elf/10.2.0/rv32imac/ilp32\libgcc.a(_divdi3.o) (__clz_tab)
d:/e203/nucleistudio/toolchain/gcc/bin/../lib/gcc/riscv-nuclei-elf/10.2.0/../../../../riscv-nuclei-elf/lib/rv32imac/ilp32\libg_nano.a(lib_a-atexit.o)
                              ./hbird_sdk/SoC/hbirdv2/Common/Source/GCC/startup_hbirdv2.o (atexit)
d:/e203/nucleistudio/toolchain/gcc/bin/../lib/gcc/riscv-nuclei-elf/10.2.0/../../../../riscv-nuclei-elf/lib/rv32imac/ilp32\libg_nano.a(lib_a-fini.o)
                              ./hbird_sdk/SoC/hbirdv2/Common/Source/GCC/startup_hbirdv2.o (__libc_fini_array)
d:/e203/nucleistudio/toolchain/gcc/bin/../lib/gcc/riscv-nuclei-elf/10.2.0/../../../../riscv-nuclei-elf/lib/rv32imac/ilp32\libg_nano.a(lib_a-init.o)
                              ./hbird_sdk/SoC/hbirdv2/Common/Source/GCC/startup_hbirdv2.o (__libc_init_array)
d:/e203/nucleistudio/toolchain/gcc/bin/../lib/gcc/riscv-nuclei-elf/10.2.0/../../../../riscv-nuclei-elf/lib/rv32imac/ilp32\libg_nano.a(lib_a-printf.o)
                              ./hbird_sdk/SoC/hbirdv2/Common/Source/system_hbirdv2.o (printf)
d:/e203/nucleistudio/toolchain/gcc/bin/../lib/gcc/riscv-nuclei-elf/10.2.0/../../../../riscv-nuclei-elf/lib/rv32imac/ilp32\libg_nano.a(lib_a-puts.o)
                              ./hbird_sdk/SoC/hbirdv2/Common/Source/system_hbirdv2.o (puts)
d:/e203/nucleistudio/toolchain/gcc/bin/../lib/gcc/riscv-nuclei-elf/10.2.0/../../../../riscv-nuclei-elf/lib/rv32imac/ilp32\libg_nano.a(lib_a-reent.o)
                              ./hbird_sdk/SoC/hbirdv2/Common/Source/Stubs/close.o (errno)
d:/e203/nucleistudio/toolchain/gcc/bin/../lib/gcc/riscv-nuclei-elf/10.2.0/../../../../riscv-nuclei-elf/lib/rv32imac/ilp32\libg_nano.a(lib_a-sysisatty.o)
                              ./hbird_sdk/SoC/hbirdv2/Common/Source/Stubs/write.o (isatty)
d:/e203/nucleistudio/toolchain/gcc/bin/../lib/gcc/riscv-nuclei-elf/10.2.0/../../../../riscv-nuclei-elf/lib/rv32imac/ilp32\libg_nano.a(lib_a-wbuf.o)
                              d:/e203/nucleistudio/toolchain/gcc/bin/../lib/gcc/riscv-nuclei-elf/10.2.0/../../../../riscv-nuclei-elf/lib/rv32imac/ilp32\libg_nano.a(lib_a-puts.o) (__swbuf_r)
d:/e203/nucleistudio/toolchain/gcc/bin/../lib/gcc/riscv-nuclei-elf/10.2.0/../../../../riscv-nuclei-elf/lib/rv32imac/ilp32\libg_nano.a(lib_a-wsetup.o)
                              d:/e203/nucleistudio/toolchain/gcc/bin/../lib/gcc/riscv-nuclei-elf/10.2.0/../../../../riscv-nuclei-elf/lib/rv32imac/ilp32\libg_nano.a(lib_a-puts.o) (__swsetup_r)
d:/e203/nucleistudio/toolchain/gcc/bin/../lib/gcc/riscv-nuclei-elf/10.2.0/../../../../riscv-nuclei-elf/lib/rv32imac/ilp32\libg_nano.a(lib_a-__atexit.o)
                              d:/e203/nucleistudio/toolchain/gcc/bin/../lib/gcc/riscv-nuclei-elf/10.2.0/../../../../riscv-nuclei-elf/lib/rv32imac/ilp32\libg_nano.a(lib_a-atexit.o) (__register_exitproc)
d:/e203/nucleistudio/toolchain/gcc/bin/../lib/gcc/riscv-nuclei-elf/10.2.0/../../../../riscv-nuclei-elf/lib/rv32imac/ilp32\libg_nano.a(lib_a-__call_atexit.o)
                              d:/e203/nucleistudio/toolchain/gcc/bin/../lib/gcc/riscv-nuclei-elf/10.2.0/../../../../riscv-nuclei-elf/lib/rv32imac/ilp32\libg_nano.a(lib_a-__atexit.o) (__call_exitprocs)
d:/e203/nucleistudio/toolchain/gcc/bin/../lib/gcc/riscv-nuclei-elf/10.2.0/../../../../riscv-nuclei-elf/lib/rv32imac/ilp32\libg_nano.a(lib_a-fflush.o)
                              d:/e203/nucleistudio/toolchain/gcc/bin/../lib/gcc/riscv-nuclei-elf/10.2.0/../../../../riscv-nuclei-elf/lib/rv32imac/ilp32\libg_nano.a(lib_a-wbuf.o) (_fflush_r)
d:/e203/nucleistudio/toolchain/gcc/bin/../lib/gcc/riscv-nuclei-elf/10.2.0/../../../../riscv-nuclei-elf/lib/rv32imac/ilp32\libg_nano.a(lib_a-findfp.o)
                              d:/e203/nucleistudio/toolchain/gcc/bin/../lib/gcc/riscv-nuclei-elf/10.2.0/../../../../riscv-nuclei-elf/lib/rv32imac/ilp32\libg_nano.a(lib_a-printf.o) (__sinit)
d:/e203/nucleistudio/toolchain/gcc/bin/../lib/gcc/riscv-nuclei-elf/10.2.0/../../../../riscv-nuclei-elf/lib/rv32imac/ilp32\libg_nano.a(lib_a-fwalk.o)
[...]
Memory Configuration

Name             Origin             Length             Attributes
ilm              0x0000000080000000 0x0000000000010000 axrl !w
ram              0x0000000090000000 0x0000000000010000 axw !rl
*default*        0x0000000000000000 0xffffffffffffffff

Linker script and memory map

LOAD ./hbird_sdk/SoC/hbirdv2/Common/Source/Stubs/clock_getres.o
LOAD ./hbird_sdk/SoC/hbirdv2/Common/Source/Stubs/clock_gettime.o
LOAD ./hbird_sdk/SoC/hbirdv2/Common/Source/Stubs/clock_settime.o
LOAD ./hbird_sdk/SoC/hbirdv2/Common/Source/Stubs/close.o
LOAD ./hbird_sdk/SoC/hbirdv2/Common/Source/Stubs/execve.o
LOAD ./hbird_sdk/SoC/hbirdv2/Common/Source/Stubs/exit.o
LOAD ./hbird_sdk/SoC/hbirdv2/Common/Source/Stubs/fork.o
LOAD ./hbird_sdk/SoC/hbirdv2/Common/Source/Stubs/fstat.o
LOAD ./hbird_sdk/SoC/hbirdv2/Common/Source/Stubs/getpid.o
LOAD ./hbird_sdk/SoC/hbirdv2/Common/Source/Stubs/gettimeofday.o
LOAD ./hbird_sdk/SoC/hbirdv2/Common/Source/Stubs/isatty.o
LOAD ./hbird_sdk/SoC/hbirdv2/Common/Source/Stubs/kill.o
LOAD ./hbird_sdk/SoC/hbirdv2/Common/Source/Stubs/link.o
LOAD ./hbird_sdk/SoC/hbirdv2/Common/Source/Stubs/lseek.o
LOAD ./hbird_sdk/SoC/hbirdv2/Common/Source/Stubs/open.o
LOAD ./hbird_sdk/SoC/hbirdv2/Common/Source/Stubs/read.o
LOAD ./hbird_sdk/SoC/hbirdv2/Common/Source/Stubs/sbrk.o
LOAD ./hbird_sdk/SoC/hbirdv2/Common/Source/Stubs/stat.o
LOAD ./hbird_sdk/SoC/hbirdv2/Common/Source/Stubs/times.o
LOAD ./hbird_sdk/SoC/hbirdv2/Common/Source/Stubs/unlink.o
LOAD ./hbird_sdk/SoC/hbirdv2/Common/Source/Stubs/wait.o
LOAD ./hbird_sdk/SoC/hbirdv2/Common/Source/Stubs/write.o
LOAD ./hbird_sdk/SoC/hbirdv2/Common/Source/GCC/intexc_hbirdv2.o
LOAD ./hbird_sdk/SoC/hbirdv2/Common/Source/GCC/startup_hbirdv2.o
LOAD ./hbird_sdk/SoC/hbirdv2/Common/Source/Drivers/hbirdv2_gpio.o
LOAD ./hbird_sdk/SoC/hbirdv2/Common/Source/Drivers/hbirdv2_i2c.o
LOAD ./hbird_sdk/SoC/hbirdv2/Common/Source/Drivers/hbirdv2_pwm.o
LOAD ./hbird_sdk/SoC/hbirdv2/Common/Source/Drivers/hbirdv2_spi.o
LOAD ./hbird_sdk/SoC/hbirdv2/Common/Source/Drivers/hbirdv2_uart.o
LOAD ./hbird_sdk/SoC/hbirdv2/Common/Source/Drivers/htif.o
LOAD ./hbird_sdk/SoC/hbirdv2/Common/Source/hbirdv2_common.o
LOAD ./hbird_sdk/SoC/hbirdv2/Common/Source/system_hbirdv2.o
LOAD ./application/insn.o
LOAD ./application/main.o
LOAD d:/e203/nucleistudio/toolchain/gcc/bin/../lib/gcc/riscv-nuclei-elf/10.2.0/../../../../riscv-nuclei-elf/lib/rv32imac/ilp32\libstdc++.a
LOAD d:/e203/nucleistudio/toolchain/gcc/bin/../lib/gcc/riscv-nuclei-elf/10.2.0/../../../../riscv-nuclei-elf/lib/rv32imac/ilp32\libstdc++.a
LOAD d:/e203/nucleistudio/toolchain/gcc/bin/../lib/gcc/riscv-nuclei-elf/10.2.0/../../../../riscv-nuclei-elf/lib/rv32imac/ilp32\libm_nano.a
LOAD d:/e203/nucleistudio/toolchain/gcc/bin/../lib/gcc/riscv-nuclei-elf/10.2.0/rv32imac/ilp32\libgcc.a
LOAD d:/e203/nucleistudio/toolchain/gcc/bin/../lib/gcc/riscv-nuclei-elf/10.2.0/../../../../riscv-nuclei-elf/lib/rv32imac/ilp32\libg_nano.a
LOAD d:/e203/nucleistudio/toolchain/gcc/bin/../lib/gcc/riscv-nuclei-elf/10.2.0/../../../../riscv-nuclei-elf/lib/rv32imac/ilp32\libc_nano.a
LOAD d:/e203/nucleistudio/toolchain/gcc/bin/../lib/gcc/riscv-nuclei-elf/10.2.0/rv32imac/ilp32\libgcc.a
START GROUP
LOAD d:/e203/nucleistudio/toolchain/gcc/bin/../lib/gcc/riscv-nuclei-elf/10.2.0/rv32imac/ilp32\libgcc.a
LOAD d:/e203/nucleistudio/toolchain/gcc/bin/../lib/gcc/riscv-nuclei-elf/10.2.0/../../../../riscv-nuclei-elf/lib/rv32imac/ilp32\libc_nano.a
LOAD d:/e203/nucleistudio/toolchain/gcc/bin/../lib/gcc/riscv-nuclei-elf/10.2.0/../../../../riscv-nuclei-elf/lib/rv32imac/ilp32\libnosys.a
END GROUP
START GROUP
LOAD d:/e203/nucleistudio/toolchain/gcc/bin/../lib/gcc/riscv-nuclei-elf/10.2.0/rv32imac/ilp32\libgcc.a
LOAD d:/e203/nucleistudio/toolchain/gcc/bin/../lib/gcc/riscv-nuclei-elf/10.2.0/../../../../riscv-nuclei-elf/lib/rv32imac/ilp32\libc_nano.a
LOAD d:/e203/nucleistudio/toolchain/gcc/bin/../lib/gcc/riscv-nuclei-elf/10.2.0/../../../../riscv-nuclei-elf/lib/rv32imac/ilp32\libnosys.a
END GROUP
                0x0000000000000800                __stack_size = DEFINED (__stack_size)?__stack_size:0x800

.init           0x0000000080000000       0xb4
 *(.vtable)
 *(SORT_NONE(.init))
 .init          0x0000000080000000       0xb4 ./hbird_sdk/SoC/hbirdv2/Common/Source/GCC/startup_hbirdv2.o
                0x0000000080000000                _start

.ilalign        0x00000000800000b4        0x0
                0x00000000800000b4                . = ALIGN (0x4)
                0x00000000800000b4                PROVIDE (_ilm_lma = .)

.ialign         0x00000000800000b4        0x0
                0x00000000800000b4                PROVIDE (_ilm = .)

.text           0x00000000800000b4     0x1bf2
 *(.text.unlikely .text.unlikely.*)
 *(.text.startup .text.startup.*)
 .text.startup.main
                0x00000000800000b4       0xf2 ./application/main.o
                0x00000000800000b4                main
 *(.text .text.*)
 .text._close   0x00000000800001a6        0xa ./hbird_sdk/SoC/hbirdv2/Common/Source/Stubs/close.o
                0x00000000800001a6                _close
 .text._fstat   0x00000000800001b0       0x1a ./hbird_sdk/SoC/hbirdv2/Common/Source/Stubs/fstat.o
                0x00000000800001b0                _fstat
 .text._isatty  0x00000000800001ca        0x4 ./hbird_sdk/SoC/hbirdv2/Common/Source/Stubs/isatty.o
                0x00000000800001ca                _isatty
 .text._lseek   0x00000000800001ce        0x4 ./hbird_sdk/SoC/hbirdv2/Common/Source/Stubs/lseek.o
                0x00000000800001ce                _lseek
 .text._read    0x00000000800001d2       0x22 ./hbird_sdk/SoC/hbirdv2/Common/Source/Stubs/read.o
                0x00000000800001d2                _read
 .text._sbrk    0x00000000800001f4       0x2c ./hbird_sdk/SoC/hbirdv2/Common/Source/Stubs/sbrk.o
                0x00000000800001f4                _sbrk
 .text._write   0x0000000080000220       0x62 ./hbird_sdk/SoC/hbirdv2/Common/Source/Stubs/write.o
                0x0000000080000220                _write
 *fill*         0x0000000080000282        0x2 
 .text.trap     0x0000000080000284       0x78 ./hbird_sdk/SoC/hbirdv2/Common/Source/GCC/intexc_hbirdv2.o
                0x0000000080000284                trap_entry
 .text.gpio_iof_config
                0x00000000800002fc       0x12 ./hbird_sdk/SoC/hbirdv2/Common/Source/Drivers/hbirdv2_gpio.o
                0x00000000800002fc                gpio_iof_config
 .text.uart_init
                0x000000008000030e       0x3a ./hbird_sdk/SoC/hbirdv2/Common/Source/Drivers/hbirdv2_uart.o
                0x000000008000030e                uart_init
 .text.uart_write
                0x0000000080000348       0x14 ./hbird_sdk/SoC/hbirdv2/Common/Source/Drivers/hbirdv2_uart.o
                0x0000000080000348                uart_write
 .text.uart_read
                0x000000008000035c       0x16 ./hbird_sdk/SoC/hbirdv2/Common/Source/Drivers/hbirdv2_uart.o
                0x000000008000035c                uart_read
 .text.measure_cpu_freq
                0x0000000080000372       0x68 ./hbird_sdk/SoC/hbirdv2/Common/Source/hbirdv2_common.o
                0x0000000080000372                measure_cpu_freq
 .text.get_cpu_freq
                0x00000000800003da       0x12 ./hbird_sdk/SoC/hbirdv2/Common/Source/hbirdv2_common.o
                0x00000000800003da                get_cpu_freq
 .text.system_default_exception_handler
                0x00000000800003ec       0x3c ./hbird_sdk/SoC/hbirdv2/Common/Source/system_hbirdv2.o
 .text.system_default_interrupt_handler
                0x0000000080000428       0x40 ./hbird_sdk/SoC/hbirdv2/Common/Source/system_hbirdv2.o
 .text.SystemInit
                0x0000000080000468        0xe ./hbird_sdk/SoC/hbirdv2/Common/Source/system_hbirdv2.o
                0x0000000080000468                SystemInit
 .text.core_trap_handler
                0x0000000080000476       0x90 ./hbird_sdk/SoC/hbirdv2/Common/Source/system_hbirdv2.o
                0x0000000080000476                core_trap_handler
 .text._premain_init
                0x0000000080000506       0xe6 ./hbird_sdk/SoC/hbirdv2/Common/Source/system_hbirdv2.o
                0x0000000080000506                _premain_init
 .text._postmain_fini
                0x00000000800005ec        0x2 ./hbird_sdk/SoC/hbirdv2/Common/Source/system_hbirdv2.o
                0x00000000800005ec                _postmain_fini
 .text._init    0x00000000800005ee        0x2 ./hbird_sdk/SoC/hbirdv2/Common/Source/system_hbirdv2.o
                0x00000000800005ee                _init
 .text._fini    0x00000000800005f0        0x2 ./hbird_sdk/SoC/hbirdv2/Common/Source/system_hbirdv2.o
                0x00000000800005f0                _fini
 .text.__udivdi3
                0x00000000800005f2      0x360 d:/e203/nucleistudio/toolchain/gcc/bin/../lib/gcc/riscv-nuclei-elf/10.2.0/rv32imac/ilp32\libgcc.a(_udivdi3.o)
                0x00000000800005f2                __udivdi3
 .text.atexit   0x0000000080000952        0xa d:/e203/nucleistudio/toolchain/gcc/bin/../lib/gcc/riscv-nuclei-elf/10.2.0/../../../../riscv-nuclei-elf/lib/rv32imac/ilp32\libg_nano.a(lib_a-atexit.o)
                0x0000000080000952                atexit
 .text.__libc_fini_array
                0x000000008000095c       0x36 d:/e203/nucleistudio/toolchain/gcc/bin/../lib/gcc/riscv-nuclei-elf/10.2.0/../../../../riscv-nuclei-elf/lib/rv32imac/ilp32\libg_nano.a(lib_a-fini.o)
                0x000000008000095c                __libc_fini_array
 .text.__libc_init_array
                0x0000000080000992       0x5e d:/e203/nucleistudio/toolchain/gcc/bin/../lib/gcc/riscv-nuclei-elf/10.2.0/../../../../riscv-nuclei-elf/lib/rv32imac/ilp32\libg_nano.a(lib_a-init.o)
                0x0000000080000992                __libc_init_array
 .text.printf   0x00000000800009f0       0x3a d:/e203/nucleistudio/toolchain/gcc/bin/../lib/gcc/riscv-nuclei-elf/10.2.0/../../../../riscv-nuclei-elf/lib/rv32imac/ilp32\libg_nano.a(lib_a-printf.o)
                0x00000000800009f0                iprintf
                0x00000000800009f0                printf
 .text._puts_r  0x0000000080000a2a       0xda d:/e203/nucleistudio/toolchain/gcc/bin/../lib/gcc/riscv-nuclei-elf/10.2.0/../../../../riscv-nuclei-elf/lib/rv32imac/ilp32\libg_nano.a(lib_a-puts.o)
                0x0000000080000a2a                _puts_r
 .text.puts     0x0000000080000b04        0x8 d:/e203/nucleistudio/toolchain/gcc/bin/../lib/gcc/riscv-nuclei-elf/10.2.0/../../../../riscv-nuclei-elf/lib/rv32imac/ilp32\libg_nano.a(lib_a-puts.o)
                0x0000000080000b04                puts
 .text.isatty   0x0000000080000b0c        0x4 d:/e203/nucleistudio/toolchain/gcc/bin/../lib/gcc/riscv-nuclei-elf/10.2.0/../../../../riscv-nuclei-elf/lib/rv32imac/ilp32\libg_nano.a(lib_a-sysisatty.o)
                0x0000000080000b0c                isatty
 .text.__swbuf_r
                0x0000000080000b10       0xc0 d:/e203/nucleistudio/toolchain/gcc/bin/../lib/gcc/riscv-nuclei-elf/10.2.0/../../../../riscv-nuclei-elf/lib/rv32imac/ilp32\libg_nano.a(lib_a-wbuf.o)
                0x0000000080000b10                __swbuf_r
 .text.__swsetup_r
                0x0000000080000bd0      0x106 d:/e203/nucleistudio/toolchain/gcc/bin/../lib/gcc/riscv-nuclei-elf/10.2.0/../../../../riscv-nuclei-elf/lib/rv32imac/ilp32\libg_nano.a(lib_a-wsetup.o)
                0x0000000080000bd0                __swsetup_r
 .text.__register_exitproc
                0x0000000080000cd6       0x74 d:/e203/nucleistudio/toolchain/gcc/bin/../lib/gcc/riscv-nuclei-elf/10.2.0/../../../../riscv-nuclei-elf/lib/rv32imac/ilp32\libg_nano.a(lib_a-__atexit.o)
                0x0000000080000cd6                __register_exitproc
 .text.__sflush_r
                0x0000000080000d4a      0x146 d:/e203/nucleistudio/toolchain/gcc/bin/../lib/gcc/riscv-nuclei-elf/10.2.0/../../../../riscv-nuclei-elf/lib/rv32imac/ilp32\libg_nano.a(lib_a-fflush.o)
                0x0000000080000d4a                __sflush_r
 .text._fflush_r
                0x0000000080000e90       0x64 d:/e203/nucleistudio/toolchain/gcc/bin/../lib/gcc/riscv-nuclei-elf/10.2.0/../../../../riscv-nuclei-elf/lib/rv32imac/ilp32\libg_nano.a(lib_a-fflush.o)
                0x0000000080000e90                _fflush_r
 .text.std      0x0000000080000ef4       0x68 d:/e203/nucleistudio/toolchain/gcc/bin/../lib/gcc/riscv-nuclei-elf/10.2.0/../../../../riscv-nuclei-elf/lib/rv32imac/ilp32\libg_nano.a(lib_a-findfp.o)
 .text._cleanup_r
                0x0000000080000f5c        0xa d:/e203/nucleistudio/toolchain/gcc/bin/../lib/gcc/riscv-nuclei-elf/10.2.0/../../../../riscv-nuclei-elf/lib/rv32imac/ilp32\libg_nano.a(lib_a-findfp.o)
                0x0000000080000f5c                _cleanup_r
 .text.__sfmoreglue
                0x0000000080000f66       0x44 d:/e203/nucleistudio/toolchain/gcc/bin/../lib/gcc/riscv-nuclei-elf/10.2.0/../../../../riscv-nuclei-elf/lib/rv32imac/ilp32\libg_nano.a(lib_a-findfp.o)
                0x0000000080000f66                __sfmoreglue
 .text.__sinit  0x0000000080000faa       0x66 d:/e203/nucleistudio/toolchain/gcc/bin/../lib/gcc/riscv-nuclei-elf/10.2.0/../../../../riscv-nuclei-elf/lib/rv32imac/ilp32\libg_nano.a(lib_a-findfp.o)
                0x0000000080000faa                __sinit
 .text.__sfp    0x0000000080001010       0x98 d:/e203/nucleistudio/toolchain/gcc/bin/../lib/gcc/riscv-nuclei-elf/10.2.0/../../../../riscv-nuclei-elf/lib/rv32imac/ilp32\libg_nano.a(lib_a-findfp.o)
                0x0000000080001010                __sfp
 .text._fwalk_reent
                0x00000000800010a8       0x6a d:/e203/nucleistudio/toolchain/gcc/bin/../lib/gcc/riscv-nuclei-elf/10.2.0/../../../../riscv-nuclei-elf/lib/rv32imac/ilp32\libg_nano.a(lib_a-fwalk.o)
                0x00000000800010a8                _fwalk_reent
 .text.__swhatbuf_r
                0x0000000080001112       0x5c d:/e203/nucleistudio/toolchain/gcc/bin/../lib/gcc/riscv-nuclei-elf/10.2.0/../../../../riscv-nuclei-elf/lib/rv32imac/ilp32\libg_nano.a(lib_a-makebuf.o)
                0x0000000080001112                __swhatbuf_r
 .text.__smakebuf_r
                0x000000008000116e       0x9e d:/e203/nucleistudio/toolchain/gcc/bin/../lib/gcc/riscv-nuclei-elf/10.2.0/../../../../riscv-nuclei-elf/lib/rv32imac/ilp32\libg_nano.a(lib_a-makebuf.o)
                0x000000008000116e                __smakebuf_r
 .text          0x000000008000120c       0xa8 d:/e203/nucleistudio/toolchain/gcc/bin/../lib/gcc/riscv-nuclei-elf/10.2.0/../../../../riscv-nuclei-elf/lib/rv32imac/ilp32\libg_nano.a(lib_a-memset.o)
                0x000000008000120c                memset
 .text._free_r  0x00000000800012b4       0xa2 d:/e203/nucleistudio/toolchain/gcc/bin/../lib/gcc/riscv-nuclei-elf/10.2.0/../../../../riscv-nuclei-elf/lib/rv32imac/ilp32\libg_nano.a(lib_a-nano-freer.o)
                0x00000000800012b4                _free_r
 .text._malloc_r
                0x0000000080001356       0xd6 d:/e203/nucleistudio/toolchain/gcc/bin/../lib/gcc/riscv-nuclei-elf/10.2.0/../../../../riscv-nuclei-elf/lib/rv32imac/ilp32\libg_nano.a(lib_a-nano-mallocr.o)
                0x0000000080001356                _malloc_r
 .text.__sfputc_r
                0x000000008000142c       0x2a d:/e203/nucleistudio/toolchain/gcc/bin/../lib/gcc/riscv-nuclei-elf/10.2.0/../../../../riscv-nuclei-elf/lib/rv32imac/ilp32\libg_nano.a(lib_a-nano-vfprintf.o)
 .text.__sfputs_r
                0x0000000080001456       0x42 d:/e203/nucleistudio/toolchain/gcc/bin/../lib/gcc/riscv-nuclei-elf/10.2.0/../../../../riscv-nuclei-elf/lib/rv32imac/ilp32\libg_nano.a(lib_a-nano-vfprintf.o)
                0x0000000080001456                __sfputs_r
 .text._vfprintf_r
                0x0000000080001498      0x294 d:/e203/nucleistudio/toolchain/gcc/bin/../lib/gcc/riscv-nuclei-elf/10.2.0/../../../../riscv-nuclei-elf/lib/rv32imac/ilp32\libg_nano.a(lib_a-nano-vfprintf.o)
                0x0000000080001498                _vfprintf_r
                0x0000000080001498                _vfiprintf_r
 .text._printf_common
                0x000000008000172c      0x10c d:/e203/nucleistudio/toolchain/gcc/bin/../lib/gcc/riscv-nuclei-elf/10.2.0/../../../../riscv-nuclei-elf/lib/rv32imac/ilp32\libg_nano.a(lib_a-nano-vfprintf_i.o)
                0x000000008000172c                _printf_common
 .text._printf_i
                0x0000000080001838      0x270 d:/e203/nucleistudio/toolchain/gcc/bin/../lib/gcc/riscv-nuclei-elf/10.2.0/../../../../riscv-nuclei-elf/lib/rv32imac/ilp32\libg_nano.a(lib_a-nano-vfprintf_i.o)
                0x0000000080001838                _printf_i
 .text._sbrk_r  0x0000000080001aa8       0x28 d:/e203/nucleistudio/toolchain/gcc/bin/../lib/gcc/riscv-nuclei-elf/10.2.0/../../../../riscv-nuclei-elf/lib/rv32imac/ilp32\libg_nano.a(lib_a-sbrkr.o)
                0x0000000080001aa8                _sbrk_r
 .text.__sread  0x0000000080001ad0       0x30 d:/e203/nucleistudio/toolchain/gcc/bin/../lib/gcc/riscv-nuclei-elf/10.2.0/../../../../riscv-nuclei-elf/lib/rv32imac/ilp32\libg_nano.a(lib_a-stdio.o)
                0x0000000080001ad0                __sread
 .text.__swrite
                0x0000000080001b00       0x4e d:/e203/nucleistudio/toolchain/gcc/bin/../lib/gcc/riscv-nuclei-elf/10.2.0/../../../../riscv-nuclei-elf/lib/rv32imac/ilp32\libg_nano.a(lib_a-stdio.o)
                0x0000000080001b00                __swrite
 .text.__sseek  0x0000000080001b4e       0x36 d:/e203/nucleistudio/toolchain/gcc/bin/../lib/gcc/riscv-nuclei-elf/10.2.0/../../../../riscv-nuclei-elf/lib/rv32imac/ilp32\libg_nano.a(lib_a-stdio.o)
                0x0000000080001b4e                __sseek
 .text.__sclose
                0x0000000080001b84        0x6 d:/e203/nucleistudio/toolchain/gcc/bin/../lib/gcc/riscv-nuclei-elf/10.2.0/../../../../riscv-nuclei-elf/lib/rv32imac/ilp32\libg_nano.a(lib_a-stdio.o)
                0x0000000080001b84                __sclose
 .text._write_r
                0x0000000080001b8a       0x2c d:/e203/nucleistudio/toolchain/gcc/bin/../lib/gcc/riscv-nuclei-elf/10.2.0/../../../../riscv-nuclei-elf/lib/rv32imac/ilp32\libg_nano.a(lib_a-writer.o)
                0x0000000080001b8a                _write_r
 .text._close_r
                0x0000000080001bb6       0x28 d:/e203/nucleistudio/toolchain/gcc/bin/../lib/gcc/riscv-nuclei-elf/10.2.0/../../../../riscv-nuclei-elf/lib/rv32imac/ilp32\libg_nano.a(lib_a-closer.o)
                0x0000000080001bb6                _close_r
 .text._fstat_r
                0x0000000080001bde       0x2a d:/e203/nucleistudio/toolchain/gcc/bin/../lib/gcc/riscv-nuclei-elf/10.2.0/../../../../riscv-nuclei-elf/lib/rv32imac/ilp32\libg_nano.a(lib_a-fstatr.o)
                0x0000000080001bde                _fstat_r
 .text._isatty_r
                0x0000000080001c08       0x28 d:/e203/nucleistudio/toolchain/gcc/bin/../lib/gcc/riscv-nuclei-elf/10.2.0/../../../../riscv-nuclei-elf/lib/rv32imac/ilp32\libg_nano.a(lib_a-isattyr.o)
                0x0000000080001c08                _isatty_r
 .text._lseek_r
                0x0000000080001c30       0x2c d:/e203/nucleistudio/toolchain/gcc/bin/../lib/gcc/riscv-nuclei-elf/10.2.0/../../../../riscv-nuclei-elf/lib/rv32imac/ilp32\libg_nano.a(lib_a-lseekr.o)
                0x0000000080001c30                _lseek_r
 .text.memchr   0x0000000080001c5c       0x1a d:/e203/nucleistudio/toolchain/gcc/bin/../lib/gcc/riscv-nuclei-elf/10.2.0/../../../../riscv-nuclei-elf/lib/rv32imac/ilp32\libg_nano.a(lib_a-memchr.o)
                0x0000000080001c5c                memchr
 .text.__malloc_lock
                0x0000000080001c76        0x2 d:/e203/nucleistudio/toolchain/gcc/bin/../lib/gcc/riscv-nuclei-elf/10.2.0/../../../../riscv-nuclei-elf/lib/rv32imac/ilp32\libg_nano.a(lib_a-mlock.o)
                0x0000000080001c76                __malloc_lock
 .text.__malloc_unlock
                0x0000000080001c78        0x2 d:/e203/nucleistudio/toolchain/gcc/bin/../lib/gcc/riscv-nuclei-elf/10.2.0/../../../../riscv-nuclei-elf/lib/rv32imac/ilp32\libg_nano.a(lib_a-mlock.o)
                0x0000000080001c78                __malloc_unlock
 .text._read_r  0x0000000080001c7a       0x2c d:/e203/nucleistudio/toolchain/gcc/bin/../lib/gcc/riscv-nuclei-elf/10.2.0/../../../../riscv-nuclei-elf/lib/rv32imac/ilp32\libg_nano.a(lib_a-readr.o)
                0x0000000080001c7a                _read_r
 *(.gnu.linkonce.t.*)

.rodata         0x0000000080001ca8      0x44c
                0x0000000080001ca8                . = ALIGN (0x4)
 *(.rdata)
 *(.rodata .rodata.*)
 .rodata.system_default_exception_handler.str1.4
                0x0000000080001ca8       0x44 ./hbird_sdk/SoC/hbirdv2/Common/Source/system_hbirdv2.o
 .rodata.system_default_interrupt_handler.str1.4
                0x0000000080001cec       0x13 ./hbird_sdk/SoC/hbirdv2/Common/Source/system_hbirdv2.o
 *fill*         0x0000000080001cff        0x1 
 .rodata.SystemBannerPrint.str1.4
                0x0000000080001d00       0x6f ./hbird_sdk/SoC/hbirdv2/Common/Source/system_hbirdv2.o
 *fill*         0x0000000080001d6f        0x1 
 .rodata.main.str1.4
                0x0000000080001d70       0x1d ./application/main.o
 *fill*         0x0000000080001d8d        0x3 
 .rodata        0x0000000080001d90      0x170 ./application/main.o
 .rodata.__clz_tab
                0x0000000080001f00      0x100 d:/e203/nucleistudio/toolchain/gcc/bin/../lib/gcc/riscv-nuclei-elf/10.2.0/rv32imac/ilp32\libgcc.a(_clz.o)
                0x0000000080001f00                __clz_tab
 .rodata.__sf_fake_stderr
                0x0000000080002000       0x20 d:/e203/nucleistudio/toolchain/gcc/bin/../lib/gcc/riscv-nuclei-elf/10.2.0/../../../../riscv-nuclei-elf/lib/rv32imac/ilp32\libg_nano.a(lib_a-findfp.o)
                0x0000000080002000                __sf_fake_stderr
 .rodata.__sf_fake_stdin
                0x0000000080002020       0x20 d:/e203/nucleistudio/toolchain/gcc/bin/../lib/gcc/riscv-nuclei-elf/10.2.0/../../../../riscv-nuclei-elf/lib/rv32imac/ilp32\libg_nano.a(lib_a-findfp.o)
                0x0000000080002020                __sf_fake_stdin
 .rodata.__sf_fake_stdout
                0x0000000080002040       0x20 d:/e203/nucleistudio/toolchain/gcc/bin/../lib/gcc/riscv-nuclei-elf/10.2.0/../../../../riscv-nuclei-elf/lib/rv32imac/ilp32\libg_nano.a(lib_a-findfp.o)
                0x0000000080002040                __sf_fake_stdout
 .rodata._vfprintf_r.str1.4
                0x0000000080002060       0x13 d:/e203/nucleistudio/toolchain/gcc/bin/../lib/gcc/riscv-nuclei-elf/10.2.0/../../../../riscv-nuclei-elf/lib/rv32imac/ilp32\libg_nano.a(lib_a-nano-vfprintf.o)
 *fill*         0x0000000080002073        0x1 
 .rodata._printf_i.str1.4
                0x0000000080002074       0x25 d:/e203/nucleistudio/toolchain/gcc/bin/../lib/gcc/riscv-nuclei-elf/10.2.0/../../../../riscv-nuclei-elf/lib/rv32imac/ilp32\libg_nano.a(lib_a-nano-vfprintf_i.o)
 *fill*         0x0000000080002099        0x3 
 .rodata._printf_i
                0x000000008000209c       0x58 d:/e203/nucleistudio/toolchain/gcc/bin/../lib/gcc/riscv-nuclei-elf/10.2.0/../../../../riscv-nuclei-elf/lib/rv32imac/ilp32\libg_nano.a(lib_a-nano-vfprintf_i.o)
                0x00000000800020f4                . = ALIGN (0x4)
                0x00000000800020f4                __rt_init_start = .
 *(SORT_BY_NAME(.rti_fn*))
                0x00000000800020f4                __rt_init_end = .
                0x00000000800020f4                . = ALIGN (0x4)
                0x00000000800020f4                __fsymtab_start = .
 *(FSymTab)
                0x00000000800020f4                __fsymtab_end = .
                0x00000000800020f4                . = ALIGN (0x4)
                0x00000000800020f4                __vsymtab_start = .
 *(VSymTab)
                0x00000000800020f4                __vsymtab_end = .
 *(.gnu.linkonce.r.*)

.rela.dyn       0x00000000800020f4        0x0
 .rela.text._sbrk
                0x00000000800020f4        0x0 ./hbird_sdk/SoC/hbirdv2/Common/Source/Stubs/close.o
 .rela.sdata.curbrk.0
                0x00000000800020f4        0x0 ./hbird_sdk/SoC/hbirdv2/Common/Source/Stubs/close.o
 .rela.init     0x00000000800020f4        0x0 ./hbird_sdk/SoC/hbirdv2/Common/Source/Stubs/close.o
 .rela.text.__libc_fini_array
                0x00000000800020f4        0x0 ./hbird_sdk/SoC/hbirdv2/Common/Source/Stubs/close.o
 .rela.text.__libc_init_array
                0x00000000800020f4        0x0 ./hbird_sdk/SoC/hbirdv2/Common/Source/Stubs/close.o
 .rela.text.__register_exitproc
                0x00000000800020f4        0x0 ./hbird_sdk/SoC/hbirdv2/Common/Source/Stubs/close.o
 .rela.text._vfprintf_r
                0x00000000800020f4        0x0 ./hbird_sdk/SoC/hbirdv2/Common/Source/Stubs/close.o

.fini
 *(SORT_NONE(.fini))
                0x00000000800020f4                . = ALIGN (0x4)
                [!provide]                        PROVIDE (__etext = .)
                [!provide]                        PROVIDE (_etext = .)
                [!provide]                        PROVIDE (etext = .)
                0x00000000800020f4                PROVIDE (_eilm = .)

.preinit_array  0x00000000800020f4        0x0
                0x00000000800020f4                PROVIDE (__preinit_array_start = .)
 *(.preinit_array)
                0x00000000800020f4                PROVIDE (__preinit_array_end = .)

.init_array     0x00000000800020f4        0x0
                0x00000000800020f4                PROVIDE (__init_array_start = .)
 *(SORT_BY_INIT_PRIORITY(.init_array.*) SORT_BY_INIT_PRIORITY(.ctors.*))
 *(.init_array EXCLUDE_FILE(*crtend?.o *crtend.o *crtbegin?.o *crtbegin.o) .ctors)
                0x00000000800020f4                PROVIDE (__init_array_end = .)

.fini_array     0x00000000800020f4        0x0
                0x00000000800020f4                PROVIDE (__fini_array_start = .)
 *(SORT_BY_INIT_PRIORITY(.fini_array.*) SORT_BY_INIT_PRIORITY(.dtors.*))
 *(.fini_array EXCLUDE_FILE(*crtend?.o *crtend.o *crtbegin?.o *crtbegin.o) .dtors)
                0x00000000800020f4                PROVIDE (__fini_array_end = .)

.ctors
 *crtbegin.o(.ctors)
 *crtbegin?.o(.ctors)
 *(EXCLUDE_FILE(*crtend?.o *crtend.o) .ctors)
 *(SORT_BY_NAME(.ctors.*))
 *(.ctors)

.dtors
 *crtbegin.o(.dtors)
 *crtbegin?.o(.dtors)
 *(EXCLUDE_FILE(*crtend?.o *crtend.o) .dtors)
 *(SORT_BY_NAME(.dtors.*))
 *(.dtors)

.lalign         0x00000000800020f4        0x0
                0x00000000800020f4                . = ALIGN (0x4)
                0x00000000800020f4                PROVIDE (_data_lma = .)

.dalign         0x0000000090000000        0x0 load address 0x00000000800020f4
                0x0000000090000000                . = ALIGN (0x4)
                0x0000000090000000                PROVIDE (_data = .)

.data           0x0000000090000000       0x74 load address 0x00000000800020f4
 *(.data .data.*)
 .data.impure_data
                0x0000000090000000       0x60 d:/e203/nucleistudio/toolchain/gcc/bin/../lib/gcc/riscv-nuclei-elf/10.2.0/../../../../riscv-nuclei-elf/lib/rv32imac/ilp32\libg_nano.a(lib_a-impure.o)
 *(.gnu.linkonce.d.*)
                0x0000000090000060                . = ALIGN (0x8)
                0x0000000090000860                PROVIDE (__global_pointer$ = (. + 0x800))
 *(.sdata .sdata.* .sdata*)
 .sdata.curbrk.0
                0x0000000090000060        0x4 ./hbird_sdk/SoC/hbirdv2/Common/Source/Stubs/sbrk.o
 .sdata.SystemCoreClock
                0x0000000090000064        0x4 ./hbird_sdk/SoC/hbirdv2/Common/Source/system_hbirdv2.o
                0x0000000090000064                SystemCoreClock
 .sdata._impure_ptr
                0x0000000090000068        0x4 d:/e203/nucleistudio/toolchain/gcc/bin/../lib/gcc/riscv-nuclei-elf/10.2.0/../../../../riscv-nuclei-elf/lib/rv32imac/ilp32\libg_nano.a(lib_a-impure.o)
                0x0000000090000068                _impure_ptr
 *(.gnu.linkonce.s.*)
                0x0000000090000070                . = ALIGN (0x8)
 *fill*         0x000000009000006c        0x4 
 *(.srodata.cst16)
 *(.srodata.cst8)
 *(.srodata.cst4)
 *(.srodata.cst2)
 *(.srodata .srodata.*)
 .srodata._global_impure_ptr
                0x0000000090000070        0x4 d:/e203/nucleistudio/toolchain/gcc/bin/../lib/gcc/riscv-nuclei-elf/10.2.0/../../../../riscv-nuclei-elf/lib/rv32imac/ilp32\libg_nano.a(lib_a-impure.o)
                0x0000000090000070                _global_impure_ptr
                0x0000000090000074                . = ALIGN (0x4)
                0x0000000090000074                PROVIDE (_edata = .)
                [!provide]                        PROVIDE (edata = .)
                [!provide]                        PROVIDE (_fbss = .)
                0x0000000090000074                PROVIDE (__bss_start = .)

.bss            0x0000000090000074      0x134
 *(.sbss*)
 .sbss.errno    0x0000000090000074        0x4 d:/e203/nucleistudio/toolchain/gcc/bin/../lib/gcc/riscv-nuclei-elf/10.2.0/../../../../riscv-nuclei-elf/lib/rv32imac/ilp32\libg_nano.a(lib_a-reent.o)
                0x0000000090000074                errno
 .sbss._global_atexit
                0x0000000090000078        0x4 d:/e203/nucleistudio/toolchain/gcc/bin/../lib/gcc/riscv-nuclei-elf/10.2.0/../../../../riscv-nuclei-elf/lib/rv32imac/ilp32\libg_nano.a(lib_a-__call_atexit.o)
                0x0000000090000078                _global_atexit
 .sbss.__malloc_free_list
                0x000000009000007c        0x4 d:/e203/nucleistudio/toolchain/gcc/bin/../lib/gcc/riscv-nuclei-elf/10.2.0/../../../../riscv-nuclei-elf/lib/rv32imac/ilp32\libg_nano.a(lib_a-nano-mallocr.o)
                0x000000009000007c                __malloc_free_list
 .sbss.__malloc_sbrk_start
                0x0000000090000080        0x4 d:/e203/nucleistudio/toolchain/gcc/bin/../lib/gcc/riscv-nuclei-elf/10.2.0/../../../../riscv-nuclei-elf/lib/rv32imac/ilp32\libg_nano.a(lib_a-nano-mallocr.o)
                0x0000000090000080                __malloc_sbrk_start
 *(.gnu.linkonce.sb.*)
 *(.bss .bss.*)
 .bss.SystemCoreInterruptHandlers
                0x0000000090000084       0x28 ./hbird_sdk/SoC/hbirdv2/Common/Source/system_hbirdv2.o
 .bss.SystemExceptionHandlers
                0x00000000900000ac       0x2c ./hbird_sdk/SoC/hbirdv2/Common/Source/system_hbirdv2.o
 .bss.SystemExtInterruptHandlers
                0x00000000900000d8       0x44 ./hbird_sdk/SoC/hbirdv2/Common/Source/system_hbirdv2.o
 .bss._global_atexit0
                0x000000009000011c       0x8c d:/e203/nucleistudio/toolchain/gcc/bin/../lib/gcc/riscv-nuclei-elf/10.2.0/../../../../riscv-nuclei-elf/lib/rv32imac/ilp32\libg_nano.a(lib_a-__atexit.o)
 *(.gnu.linkonce.b.*)
 *(COMMON)
                0x00000000900001a8                . = ALIGN (0x4)
                0x00000000900001a8                . = ALIGN (0x8)
                0x00000000900001a8                PROVIDE (_end = .)
                [!provide]                        PROVIDE (end = .)

.stack          0x000000009000f800      0x800 load address 0x00000000900001a8
                0x000000009000f800                PROVIDE (_heap_end = .)
                0x0000000000000800                . = __stack_size
 *fill*         0x000000009000f800      0x800 
                0x0000000090010000                PROVIDE (_sp = .)
OUTPUT(11.elf elf32-littleriscv)

.debug_info     0x0000000000000000     0x314e
 .debug_info    0x0000000000000000       0xac ./hbird_sdk/SoC/hbirdv2/Common/Source/Stubs/close.o
 .debug_info    0x00000000000000ac      0x2c8 ./hbird_sdk/SoC/hbirdv2/Common/Source/Stubs/fstat.o
 .debug_info    0x0000000000000374       0xa0 ./hbird_sdk/SoC/hbirdv2/Common/Source/Stubs/isatty.o
 .debug_info    0x0000000000000414       0xbd ./hbird_sdk/SoC/hbirdv2/Common/Source/Stubs/lseek.o
 .debug_info    0x00000000000004d1      0x240 ./hbird_sdk/SoC/hbirdv2/Common/Source/Stubs/read.o
 .debug_info    0x0000000000000711       0xea ./hbird_sdk/SoC/hbirdv2/Common/Source/Stubs/sbrk.o
 .debug_info    0x00000000000007fb      0x2b2 ./hbird_sdk/SoC/hbirdv2/Common/Source/Stubs/write.o
 .debug_info    0x0000000000000aad       0x26 ./hbird_sdk/SoC/hbirdv2/Common/Source/GCC/intexc_hbirdv2.o
 .debug_info    0x0000000000000ad3       0x26 ./hbird_sdk/SoC/hbirdv2/Common/Source/GCC/startup_hbirdv2.o
 .debug_info    0x0000000000000af9      0x386 ./hbird_sdk/SoC/hbirdv2/Common/Source/Drivers/hbirdv2_gpio.o
 .debug_info    0x0000000000000e7f      0x539 ./hbird_sdk/SoC/hbirdv2/Common/Source/Drivers/hbirdv2_uart.o
 .debug_info    0x00000000000013b8      0x32c ./hbird_sdk/SoC/hbirdv2/Common/Source/hbirdv2_common.o
 .debug_info    0x00000000000016e4      0xf76 ./hbird_sdk/SoC/hbirdv2/Common/Source/system_hbirdv2.o
 .debug_info    0x000000000000265a      0x24f ./application/main.o
 .debug_info    0x00000000000028a9      0x7c0 d:/e203/nucleistudio/toolchain/gcc/bin/../lib/gcc/riscv-nuclei-elf/10.2.0/rv32imac/ilp32\libgcc.a(_udivdi3.o)
 .debug_info    0x0000000000003069       0xe5 d:/e203/nucleistudio/toolchain/gcc/bin/../lib/gcc/riscv-nuclei-elf/10.2.0/rv32imac/ilp32\libgcc.a(_clz.o)

.debug_abbrev   0x0000000000000000     0x112b
 .debug_abbrev  0x0000000000000000       0x6a ./hbird_sdk/SoC/hbirdv2/Common/Source/Stubs/close.o
 .debug_abbrev  0x000000000000006a       0xc9 ./hbird_sdk/SoC/hbirdv2/Common/Source/Stubs/fstat.o
 .debug_abbrev  0x0000000000000133       0x57 ./hbird_sdk/SoC/hbirdv2/Common/Source/Stubs/isatty.o
 .debug_abbrev  0x000000000000018a       0x68 ./hbird_sdk/SoC/hbirdv2/Common/Source/Stubs/lseek.o
 .debug_abbrev  0x00000000000001f2      0x110 ./hbird_sdk/SoC/hbirdv2/Common/Source/Stubs/read.o
 .debug_abbrev  0x0000000000000302       0xa8 ./hbird_sdk/SoC/hbirdv2/Common/Source/Stubs/sbrk.o
 .debug_abbrev  0x00000000000003aa      0x13c ./hbird_sdk/SoC/hbirdv2/Common/Source/Stubs/write.o
 .debug_abbrev  0x00000000000004e6       0x14 ./hbird_sdk/SoC/hbirdv2/Common/Source/GCC/intexc_hbirdv2.o
 .debug_abbrev  0x00000000000004fa       0x14 ./hbird_sdk/SoC/hbirdv2/Common/Source/GCC/startup_hbirdv2.o
 .debug_abbrev  0x000000000000050e       0xf2 ./hbird_sdk/SoC/hbirdv2/Common/Source/Drivers/hbirdv2_gpio.o
 .debug_abbrev  0x0000000000000600      0x15f ./hbird_sdk/SoC/hbirdv2/Common/Source/Drivers/hbirdv2_uart.o
 .debug_abbrev  0x000000000000075f      0x1c0 ./hbird_sdk/SoC/hbirdv2/Common/Source/hbirdv2_common.o
 .debug_abbrev  0x000000000000091f      0x4a9 ./hbird_sdk/SoC/hbirdv2/Common/Source/system_hbirdv2.o
 .debug_abbrev  0x0000000000000dc8      0x156 ./application/main.o
 .debug_abbrev  0x0000000000000f1e      0x19d d:/e203/nucleistudio/toolchain/gcc/bin/../lib/gcc/riscv-nuclei-elf/10.2.0/rv32imac/ilp32\libgcc.a(_udivdi3.o)
 .debug_abbrev  0x00000000000010bb       0x70 d:/e203/nucleistudio/toolchain/gcc/bin/../lib/gcc/riscv-nuclei-elf/10.2.0/rv32imac/ilp32\libgcc.a(_clz.o)

.debug_loc      0x0000000000000000     0x1e56
 .debug_loc     0x0000000000000000       0x21 ./hbird_sdk/SoC/hbirdv2/Common/Source/Stubs/close.o
 .debug_loc     0x0000000000000021       0x2e ./hbird_sdk/SoC/hbirdv2/Common/Source/Stubs/fstat.o
 .debug_loc     0x000000000000004f       0x21 ./hbird_sdk/SoC/hbirdv2/Common/Source/Stubs/isatty.o
 .debug_loc     0x0000000000000070       0x21 ./hbird_sdk/SoC/hbirdv2/Common/Source/Stubs/lseek.o
 .debug_loc     0x0000000000000091       0xa8 ./hbird_sdk/SoC/hbirdv2/Common/Source/Stubs/read.o
 .debug_loc     0x0000000000000139       0x21 ./hbird_sdk/SoC/hbirdv2/Common/Source/Stubs/sbrk.o
 .debug_loc     0x000000000000015a       0xe9 ./hbird_sdk/SoC/hbirdv2/Common/Source/Stubs/write.o
 .debug_loc     0x0000000000000243      0x42c ./hbird_sdk/SoC/hbirdv2/Common/Source/Drivers/hbirdv2_gpio.o
 .debug_loc     0x000000000000066f      0x45c ./hbird_sdk/SoC/hbirdv2/Common/Source/Drivers/hbirdv2_uart.o
 .debug_loc     0x0000000000000acb       0xa9 ./hbird_sdk/SoC/hbirdv2/Common/Source/hbirdv2_common.o
 .debug_loc     0x0000000000000b74      0x690 ./hbird_sdk/SoC/hbirdv2/Common/Source/system_hbirdv2.o
 .debug_loc     0x0000000000001204       0x75 ./application/main.o
 .debug_loc     0x0000000000001279      0xbdd d:/e203/nucleistudio/toolchain/gcc/bin/../lib/gcc/riscv-nuclei-elf/10.2.0/rv32imac/ilp32\libgcc.a(_udivdi3.o)

.debug_aranges  0x0000000000000000      0x338
 .debug_aranges
                0x0000000000000000       0x20 ./hbird_sdk/SoC/hbirdv2/Common/Source/Stubs/close.o
 .debug_aranges
                0x0000000000000020       0x20 ./hbird_sdk/SoC/hbirdv2/Common/Source/Stubs/fstat.o
 .debug_aranges
                0x0000000000000040       0x20 ./hbird_sdk/SoC/hbirdv2/Common/Source/Stubs/isatty.o
 .debug_aranges
                0x0000000000000060       0x20 ./hbird_sdk/SoC/hbirdv2/Common/Source/Stubs/lseek.o
 .debug_aranges
                0x0000000000000080       0x20 ./hbird_sdk/SoC/hbirdv2/Common/Source/Stubs/read.o
 .debug_aranges
                0x00000000000000a0       0x20 ./hbird_sdk/SoC/hbirdv2/Common/Source/Stubs/sbrk.o
 .debug_aranges
                0x00000000000000c0       0x20 ./hbird_sdk/SoC/hbirdv2/Common/Source/Stubs/write.o
 .debug_aranges
                0x00000000000000e0       0x20 ./hbird_sdk/SoC/hbirdv2/Common/Source/GCC/intexc_hbirdv2.o
 .debug_aranges
                0x0000000000000100       0x20 ./hbird_sdk/SoC/hbirdv2/Common/Source/GCC/startup_hbirdv2.o
 .debug_aranges
                0x0000000000000120       0x60 ./hbird_sdk/SoC/hbirdv2/Common/Source/Drivers/hbirdv2_gpio.o
 .debug_aranges
                0x0000000000000180       0x98 ./hbird_sdk/SoC/hbirdv2/Common/Source/Drivers/hbirdv2_uart.o
 .debug_aranges
                0x0000000000000218       0x30 ./hbird_sdk/SoC/hbirdv2/Common/Source/hbirdv2_common.o
 .debug_aranges
                0x0000000000000248       0x98 ./hbird_sdk/SoC/hbirdv2/Common/Source/system_hbirdv2.o
 .debug_aranges
                0x00000000000002e0       0x20 ./application/main.o
 .debug_aranges
                0x0000000000000300       0x20 d:/e203/nucleistudio/toolchain/gcc/bin/../lib/gcc/riscv-nuclei-elf/10.2.0/rv32imac/ilp32\libgcc.a(_udivdi3.o)
 .debug_aranges
                0x0000000000000320       0x18 d:/e203/nucleistudio/toolchain/gcc/bin/../lib/gcc/riscv-nuclei-elf/10.2.0/rv32imac/ilp32\libgcc.a(_clz.o)

.debug_ranges   0x0000000000000000      0x448
 .debug_ranges  0x0000000000000000       0x10 ./hbird_sdk/SoC/hbirdv2/Common/Source/Stubs/close.o
 .debug_ranges  0x0000000000000010       0x10 ./hbird_sdk/SoC/hbirdv2/Common/Source/Stubs/fstat.o
 .debug_ranges  0x0000000000000020       0x10 ./hbird_sdk/SoC/hbirdv2/Common/Source/Stubs/isatty.o
 .debug_ranges  0x0000000000000030       0x10 ./hbird_sdk/SoC/hbirdv2/Common/Source/Stubs/lseek.o
 .debug_ranges  0x0000000000000040       0x10 ./hbird_sdk/SoC/hbirdv2/Common/Source/Stubs/read.o
 .debug_ranges  0x0000000000000050       0x10 ./hbird_sdk/SoC/hbirdv2/Common/Source/Stubs/sbrk.o
 .debug_ranges  0x0000000000000060       0x10 ./hbird_sdk/SoC/hbirdv2/Common/Source/Stubs/write.o
 .debug_ranges  0x0000000000000070       0x50 ./hbird_sdk/SoC/hbirdv2/Common/Source/Drivers/hbirdv2_gpio.o
 .debug_ranges  0x00000000000000c0       0x88 ./hbird_sdk/SoC/hbirdv2/Common/Source/Drivers/hbirdv2_uart.o
 .debug_ranges  0x0000000000000148       0x80 ./hbird_sdk/SoC/hbirdv2/Common/Source/hbirdv2_common.o
 .debug_ranges  0x00000000000001c8      0x150 ./hbird_sdk/SoC/hbirdv2/Common/Source/system_hbirdv2.o
 .debug_ranges  0x0000000000000318       0x28 ./application/main.o
 .debug_ranges  0x0000000000000340      0x108 d:/e203/nucleistudio/toolchain/gcc/bin/../lib/gcc/riscv-nuclei-elf/10.2.0/rv32imac/ilp32\libgcc.a(_udivdi3.o)

.debug_line     0x0000000000000000     0x35dd
 .debug_line    0x0000000000000000       0x88 ./hbird_sdk/SoC/hbirdv2/Common/Source/Stubs/close.o
 .debug_line    0x0000000000000088      0x1a6 ./hbird_sdk/SoC/hbirdv2/Common/Source/Stubs/fstat.o
 .debug_line    0x000000000000022e       0x77 ./hbird_sdk/SoC/hbirdv2/Common/Source/Stubs/isatty.o
 .debug_line    0x00000000000002a5       0x76 ./hbird_sdk/SoC/hbirdv2/Common/Source/Stubs/lseek.o
 .debug_line    0x000000000000031b      0x255 ./hbird_sdk/SoC/hbirdv2/Common/Source/Stubs/read.o
 .debug_line    0x0000000000000570      0x136 ./hbird_sdk/SoC/hbirdv2/Common/Source/Stubs/sbrk.o
 .debug_line    0x00000000000006a6      0x2ec ./hbird_sdk/SoC/hbirdv2/Common/Source/Stubs/write.o
 .debug_line    0x0000000000000992       0x97 ./hbird_sdk/SoC/hbirdv2/Common/Source/GCC/intexc_hbirdv2.o
 .debug_line    0x0000000000000a29      0x163 ./hbird_sdk/SoC/hbirdv2/Common/Source/GCC/startup_hbirdv2.o
 .debug_line    0x0000000000000b8c      0x656 ./hbird_sdk/SoC/hbirdv2/Common/Source/Drivers/hbirdv2_gpio.o
 .debug_line    0x00000000000011e2      0x94b ./hbird_sdk/SoC/hbirdv2/Common/Source/Drivers/hbirdv2_uart.o
 .debug_line    0x0000000000001b2d      0x463 ./hbird_sdk/SoC/hbirdv2/Common/Source/hbirdv2_common.o
 .debug_line    0x0000000000001f90      0xccb ./hbird_sdk/SoC/hbirdv2/Common/Source/system_hbirdv2.o
 .debug_line    0x0000000000002c5b      0x1a6 ./application/main.o
 .debug_line    0x0000000000002e01      0x769 d:/e203/nucleistudio/toolchain/gcc/bin/../lib/gcc/riscv-nuclei-elf/10.2.0/rv32imac/ilp32\libgcc.a(_udivdi3.o)
 .debug_line    0x000000000000356a       0x73 d:/e203/nucleistudio/toolchain/gcc/bin/../lib/gcc/riscv-nuclei-elf/10.2.0/rv32imac/ilp32\libgcc.a(_clz.o)

.debug_str      0x0000000000000000     0x12d6
 .debug_str     0x0000000000000000      0x15e ./hbird_sdk/SoC/hbirdv2/Common/Source/Stubs/close.o
                                        0x1a3 (size before relaxing)
 .debug_str     0x000000000000015e      0x141 ./hbird_sdk/SoC/hbirdv2/Common/Source/Stubs/fstat.o
                                        0x2f4 (size before relaxing)
 .debug_str     0x000000000000029f       0x3e ./hbird_sdk/SoC/hbirdv2/Common/Source/Stubs/isatty.o
                                        0x19f (size before relaxing)
 .debug_str     0x00000000000002dd       0x4a ./hbird_sdk/SoC/hbirdv2/Common/Source/Stubs/lseek.o
                                        0x1b0 (size before relaxing)
 .debug_str     0x0000000000000327       0x66 ./hbird_sdk/SoC/hbirdv2/Common/Source/Stubs/read.o
                                        0x1f8 (size before relaxing)
 .debug_str     0x000000000000038d       0x5a ./hbird_sdk/SoC/hbirdv2/Common/Source/Stubs/sbrk.o
                                        0x1c0 (size before relaxing)
 .debug_str     0x00000000000003e7       0x49 ./hbird_sdk/SoC/hbirdv2/Common/Source/Stubs/write.o
                                        0x203 (size before relaxing)
 .debug_str     0x0000000000000430       0x4a ./hbird_sdk/SoC/hbirdv2/Common/Source/GCC/intexc_hbirdv2.o
                                         0x69 (size before relaxing)
 .debug_str     0x000000000000047a       0x3d ./hbird_sdk/SoC/hbirdv2/Common/Source/GCC/startup_hbirdv2.o
                                         0x6a (size before relaxing)
 .debug_str     0x00000000000004b7      0x18d ./hbird_sdk/SoC/hbirdv2/Common/Source/Drivers/hbirdv2_gpio.o
                                        0x30a (size before relaxing)
 .debug_str     0x0000000000000644      0x204 ./hbird_sdk/SoC/hbirdv2/Common/Source/Drivers/hbirdv2_uart.o
                                        0x3cc (size before relaxing)
 .debug_str     0x0000000000000848      0x128 ./hbird_sdk/SoC/hbirdv2/Common/Source/hbirdv2_common.o
                                        0x2aa (size before relaxing)
 .debug_str     0x0000000000000970      0x596 ./hbird_sdk/SoC/hbirdv2/Common/Source/system_hbirdv2.o
                                        0x7eb (size before relaxing)
 .debug_str     0x0000000000000f06       0x5c ./application/main.o
                                        0x1cb (size before relaxing)
 .debug_str     0x0000000000000f62      0x29d d:/e203/nucleistudio/toolchain/gcc/bin/../lib/gcc/riscv-nuclei-elf/10.2.0/rv32imac/ilp32\libgcc.a(_udivdi3.o)
                                        0x360 (size before relaxing)
 .debug_str     0x00000000000011ff       0xd7 d:/e203/nucleistudio/toolchain/gcc/bin/../lib/gcc/riscv-nuclei-elf/10.2.0/rv32imac/ilp32\libgcc.a(_clz.o)
                                        0x2a7 (size before relaxing)

.comment        0x0000000000000000       0x12
 .comment       0x0000000000000000       0x12 ./hbird_sdk/SoC/hbirdv2/Common/Source/Stubs/close.o
                                         0x13 (size before relaxing)
 .comment       0x0000000000000012       0x13 ./hbird_sdk/SoC/hbirdv2/Common/Source/Stubs/fstat.o
 .comment       0x0000000000000012       0x13 ./hbird_sdk/SoC/hbirdv2/Common/Source/Stubs/isatty.o
 .comment       0x0000000000000012       0x13 ./hbird_sdk/SoC/hbirdv2/Common/Source/Stubs/lseek.o
 .comment       0x0000000000000012       0x13 ./hbird_sdk/SoC/hbirdv2/Common/Source/Stubs/read.o
 .comment       0x0000000000000012       0x13 ./hbird_sdk/SoC/hbirdv2/Common/Source/Stubs/sbrk.o
 .comment       0x0000000000000012       0x13 ./hbird_sdk/SoC/hbirdv2/Common/Source/Stubs/write.o
 .comment       0x0000000000000012       0x13 ./hbird_sdk/SoC/hbirdv2/Common/Source/Drivers/hbirdv2_gpio.o
 .comment       0x0000000000000012       0x13 ./hbird_sdk/SoC/hbirdv2/Common/Source/Drivers/hbirdv2_uart.o
 .comment       0x0000000000000012       0x13 ./hbird_sdk/SoC/hbirdv2/Common/Source/hbirdv2_common.o
 .comment       0x0000000000000012       0x13 ./hbird_sdk/SoC/hbirdv2/Common/Source/system_hbirdv2.o
 .comment       0x0000000000000012       0x13 ./application/main.o
 .comment       0x0000000000000012       0x13 d:/e203/nucleistudio/toolchain/gcc/bin/../lib/gcc/riscv-nuclei-elf/10.2.0/rv32imac/ilp32\libgcc.a(_udivdi3.o)
 .comment       0x0000000000000012       0x13 d:/e203/nucleistudio/toolchain/gcc/bin/../lib/gcc/riscv-nuclei-elf/10.2.0/rv32imac/ilp32\libgcc.a(_clz.o)
 .comment       0x0000000000000012       0x13 d:/e203/nucleistudio/toolchain/gcc/bin/../lib/gcc/riscv-nuclei-elf/10.2.0/../../../../riscv-nuclei-elf/lib/rv32imac/ilp32\libg_nano.a(lib_a-atexit.o)
 .comment       0x0000000000000012       0x13 d:/e203/nucleistudio/toolchain/gcc/bin/../lib/gcc/riscv-nuclei-elf/10.2.0/../../../../riscv-nuclei-elf/lib/rv32imac/ilp32\libg_nano.a(lib_a-fini.o)
 .comment       0x0000000000000012       0x13 d:/e203/nucleistudio/toolchain/gcc/bin/../lib/gcc/riscv-nuclei-elf/10.2.0/../../../../riscv-nuclei-elf/lib/rv32imac/ilp32\libg_nano.a(lib_a-init.o)
 .comment       0x0000000000000012       0x13 d:/e203/nucleistudio/toolchain/gcc/bin/../lib/gcc/riscv-nuclei-elf/10.2.0/../../../../riscv-nuclei-elf/lib/rv32imac/ilp32\libg_nano.a(lib_a-printf.o)
 .comment       0x0000000000000012       0x13 d:/e203/nucleistudio/toolchain/gcc/bin/../lib/gcc/riscv-nuclei-elf/10.2.0/../../../../riscv-nuclei-elf/lib/rv32imac/ilp32\libg_nano.a(lib_a-puts.o)
 .comment       0x0000000000000012       0x13 d:/e203/nucleistudio/toolchain/gcc/bin/../lib/gcc/riscv-nuclei-elf/10.2.0/../../../../riscv-nuclei-elf/lib/rv32imac/ilp32\libg_nano.a(lib_a-reent.o)
 .comment       0x0000000000000012       0x13 d:/e203/nucleistudio/toolchain/gcc/bin/../lib/gcc/riscv-nuclei-elf/10.2.0/../../../../riscv-nuclei-elf/lib/rv32imac/ilp32\libg_nano.a(lib_a-sysisatty.o)
 .comment       0x0000000000000012       0x13 d:/e203/nucleistudio/toolchain/gcc/bin/../lib/gcc/riscv-nuclei-elf/10.2.0/../../../../riscv-nuclei-elf/lib/rv32imac/ilp32\libg_nano.a(lib_a-wbuf.o)
 .comment       0x0000000000000012       0x13 d:/e203/nucleistudio/toolchain/gcc/bin/../lib/gcc/riscv-nuclei-elf/10.2.0/../../../../riscv-nuclei-elf/lib/rv32imac/ilp32\libg_nano.a(lib_a-wsetup.o)
 .comment       0x0000000000000012       0x13 d:/e203/nucleistudio/toolchain/gcc/bin/../lib/gcc/riscv-nuclei-elf/10.2.0/../../../../riscv-nuclei-elf/lib/rv32imac/ilp32\libg_nano.a(lib_a-__atexit.o)
 .comment       0x0000000000000012       0x13 d:/e203/nucleistudio/toolchain/gcc/bin/../lib/gcc/riscv-nuclei-elf/10.2.0/../../../../riscv-nuclei-elf/lib/rv32imac/ilp32\libg_nano.a(lib_a-__call_atexit.o)
 .comment       0x0000000000000012       0x13 d:/e203/nucleistudio/toolchain/gcc/bin/../lib/gcc/riscv-nuclei-elf/10.2.0/../../../../riscv-nuclei-elf/lib/rv32imac/ilp32\libg_nano.a(lib_a-fflush.o)
 .comment       0x0000000000000012       0x13 d:/e203/nucleistudio/toolchain/gcc/bin/../lib/gcc/riscv-nuclei-elf/10.2.0/../../../../riscv-nuclei-elf/lib/rv32imac/ilp32\libg_nano.a(lib_a-findfp.o)
 .comment       0x0000000000000012       0x13 d:/e203/nucleistudio/toolchain/gcc/bin/../lib/gcc/riscv-nuclei-elf/10.2.0/../../../../riscv-nuclei-elf/lib/rv32imac/ilp32\libg_nano.a(lib_a-fwalk.o)
 .comment       0x0000000000000012       0x13 d:/e203/nucleistudio/toolchain/gcc/bin/../lib/gcc/riscv-nuclei-elf/10.2.0/../../../../riscv-nuclei-elf/lib/rv32imac/ilp32\libg_nano.a(lib_a-impure.o)
 .comment       0x0000000000000012       0x13 d:/e203/nucleistudio/toolchain/gcc/bin/../lib/gcc/riscv-nuclei-elf/10.2.0/../../../../riscv-nuclei-elf/lib/rv32imac/ilp32\libg_nano.a(lib_a-makebuf.o)
 .comment       0x0000000000000012       0x13 d:/e203/nucleistudio/toolchain/gcc/bin/../lib/gcc/riscv-nuclei-elf/10.2.0/../../../../riscv-nuclei-elf/lib/rv32imac/ilp32\libg_nano.a(lib_a-nano-freer.o)
 .comment       0x0000000000000012       0x13 d:/e203/nucleistudio/toolchain/gcc/bin/../lib/gcc/riscv-nuclei-elf/10.2.0/../../../../riscv-nuclei-elf/lib/rv32imac/ilp32\libg_nano.a(lib_a-nano-mallocr.o)
 .comment       0x0000000000000012       0x13 d:/e203/nucleistudio/toolchain/gcc/bin/../lib/gcc/riscv-nuclei-elf/10.2.0/../../../../riscv-nuclei-elf/lib/rv32imac/ilp32\libg_nano.a(lib_a-nano-vfprintf.o)
 .comment       0x0000000000000012       0x13 d:/e203/nucleistudio/toolchain/gcc/bin/../lib/gcc/riscv-nuclei-elf/10.2.0/../../../../riscv-nuclei-elf/lib/rv32imac/ilp32\libg_nano.a(lib_a-nano-vfprintf_i.o)
 .comment       0x0000000000000012       0x13 d:/e203/nucleistudio/toolchain/gcc/bin/../lib/gcc/riscv-nuclei-elf/10.2.0/../../../../riscv-nuclei-elf/lib/rv32imac/ilp32\libg_nano.a(lib_a-sbrkr.o)
 .comment       0x0000000000000012       0x13 d:/e203/nucleistudio/toolchain/gcc/bin/../lib/gcc/riscv-nuclei-elf/10.2.0/../../../../riscv-nuclei-elf/lib/rv32imac/ilp32\libg_nano.a(lib_a-stdio.o)
 .comment       0x0000000000000012       0x13 d:/e203/nucleistudio/toolchain/gcc/bin/../lib/gcc/riscv-nuclei-elf/10.2.0/../../../../riscv-nuclei-elf/lib/rv32imac/ilp32\libg_nano.a(lib_a-writer.o)
 .comment       0x0000000000000012       0x13 d:/e203/nucleistudio/toolchain/gcc/bin/../lib/gcc/riscv-nuclei-elf/10.2.0/../../../../riscv-nuclei-elf/lib/rv32imac/ilp32\libg_nano.a(lib_a-closer.o)
 .comment       0x0000000000000012       0x13 d:/e203/nucleistudio/toolchain/gcc/bin/../lib/gcc/riscv-nuclei-elf/10.2.0/../../../../riscv-nuclei-elf/lib/rv32imac/ilp32\libg_nano.a(lib_a-fstatr.o)
 .comment       0x0000000000000012       0x13 d:/e203/nucleistudio/toolchain/gcc/bin/../lib/gcc/riscv-nuclei-elf/10.2.0/../../../../riscv-nuclei-elf/lib/rv32imac/ilp32\libg_nano.a(lib_a-isattyr.o)
 .comment       0x0000000000000012       0x13 d:/e203/nucleistudio/toolchain/gcc/bin/../lib/gcc/riscv-nuclei-elf/10.2.0/../../../../riscv-nuclei-elf/lib/rv32imac/ilp32\libg_nano.a(lib_a-lseekr.o)
 .comment       0x0000000000000012       0x13 d:/e203/nucleistudio/toolchain/gcc/bin/../lib/gcc/riscv-nuclei-elf/10.2.0/../../../../riscv-nuclei-elf/lib/rv32imac/ilp32\libg_nano.a(lib_a-memchr.o)
 .comment       0x0000000000000012       0x13 d:/e203/nucleistudio/toolchain/gcc/bin/../lib/gcc/riscv-nuclei-elf/10.2.0/../../../../riscv-nuclei-elf/lib/rv32imac/ilp32\libg_nano.a(lib_a-mlock.o)
 .comment       0x0000000000000012       0x13 d:/e203/nucleistudio/toolchain/gcc/bin/../lib/gcc/riscv-nuclei-elf/10.2.0/../../../../riscv-nuclei-elf/lib/rv32imac/ilp32\libg_nano.a(lib_a-readr.o)

.riscv.attributes
                0x0000000000000000       0x2f
 .riscv.attributes
                0x0000000000000000       0x2b ./hbird_sdk/SoC/hbirdv2/Common/Source/Stubs/close.o
 .riscv.attributes
                0x000000000000002b       0x2b ./hbird_sdk/SoC/hbirdv2/Common/Source/Stubs/fstat.o
 .riscv.attributes
                0x0000000000000056       0x2b ./hbird_sdk/SoC/hbirdv2/Common/Source/Stubs/isatty.o
 .riscv.attributes
                0x0000000000000081       0x2b ./hbird_sdk/SoC/hbirdv2/Common/Source/Stubs/lseek.o
 .riscv.attributes
                0x00000000000000ac       0x2b ./hbird_sdk/SoC/hbirdv2/Common/Source/Stubs/read.o
 .riscv.attributes
                0x00000000000000d7       0x2b ./hbird_sdk/SoC/hbirdv2/Common/Source/Stubs/sbrk.o
 .riscv.attributes
                0x0000000000000102       0x2b ./hbird_sdk/SoC/hbirdv2/Common/Source/Stubs/write.o
 .riscv.attributes
                0x000000000000012d       0x2d ./hbird_sdk/SoC/hbirdv2/Common/Source/GCC/intexc_hbirdv2.o
 .riscv.attributes
                0x000000000000015a       0x2d ./hbird_sdk/SoC/hbirdv2/Common/Source/GCC/startup_hbirdv2.o
 .riscv.attributes
                0x0000000000000187       0x2b ./hbird_sdk/SoC/hbirdv2/Common/Source/Drivers/hbirdv2_gpio.o
 .riscv.attributes
                0x00000000000001b2       0x2b ./hbird_sdk/SoC/hbirdv2/Common/Source/Drivers/hbirdv2_uart.o
 .riscv.attributes
                0x00000000000001dd       0x2f ./hbird_sdk/SoC/hbirdv2/Common/Source/hbirdv2_common.o
 .riscv.attributes
                0x000000000000020c       0x2f ./hbird_sdk/SoC/hbirdv2/Common/Source/system_hbirdv2.o
 .riscv.attributes
                0x000000000000023b       0x2b ./application/main.o
 .riscv.attributes
                0x0000000000000266       0x2b d:/e203/nucleistudio/toolchain/gcc/bin/../lib/gcc/riscv-nuclei-elf/10.2.0/rv32imac/ilp32\libgcc.a(_udivdi3.o)
 .riscv.attributes
                0x0000000000000291       0x2b d:/e203/nucleistudio/toolchain/gcc/bin/../lib/gcc/riscv-nuclei-elf/10.2.0/rv32imac/ilp32\libgcc.a(_clz.o)
 .riscv.attributes
                0x00000000000002bc       0x2b d:/e203/nucleistudio/toolchain/gcc/bin/../lib/gcc/riscv-nuclei-elf/10.2.0/../../../../riscv-nuclei-elf/lib/rv32imac/ilp32\libg_nano.a(lib_a-atexit.o)
 .riscv.attributes
                0x00000000000002e7       0x2b d:/e203/nucleistudio/toolchain/gcc/bin/../lib/gcc/riscv-nuclei-elf/10.2.0/../../../../riscv-nuclei-elf/lib/rv32imac/ilp32\libg_nano.a(lib_a-fini.o)
 .riscv.attributes
                0x0000000000000312       0x2b d:/e203/nucleistudio/toolchain/gcc/bin/../lib/gcc/riscv-nuclei-elf/10.2.0/../../../../riscv-nuclei-elf/lib/rv32imac/ilp32\libg_nano.a(lib_a-init.o)
 .riscv.attributes
                0x000000000000033d       0x2b d:/e203/nucleistudio/toolchain/gcc/bin/../lib/gcc/riscv-nuclei-elf/10.2.0/../../../../riscv-nuclei-elf/lib/rv32imac/ilp32\libg_nano.a(lib_a-printf.o)
 .riscv.attributes
                0x0000000000000368       0x2b d:/e203/nucleistudio/toolchain/gcc/bin/../lib/gcc/riscv-nuclei-elf/10.2.0/../../../../riscv-nuclei-elf/lib/rv32imac/ilp32\libg_nano.a(lib_a-puts.o)
 .riscv.attributes
                0x0000000000000393       0x2b d:/e203/nucleistudio/toolchain/gcc/bin/../lib/gcc/riscv-nuclei-elf/10.2.0/../../../../riscv-nuclei-elf/lib/rv32imac/ilp32\libg_nano.a(lib_a-reent.o)
 .riscv.attributes
                0x00000000000003be       0x2b d:/e203/nucleistudio/toolchain/gcc/bin/../lib/gcc/riscv-nuclei-elf/10.2.0/../../../../riscv-nuclei-elf/lib/rv32imac/ilp32\libg_nano.a(lib_a-sysisatty.o)
 .riscv.attributes
                0x00000000000003e9       0x2b d:/e203/nucleistudio/toolchain/gcc/bin/../lib/gcc/riscv-nuclei-elf/10.2.0/../../../../riscv-nuclei-elf/lib/rv32imac/ilp32\libg_nano.a(lib_a-wbuf.o)
 .riscv.attributes
                0x0000000000000414       0x2b d:/e203/nucleistudio/toolchain/gcc/bin/../lib/gcc/riscv-nuclei-elf/10.2.0/../../../../riscv-nuclei-elf/lib/rv32imac/ilp32\libg_nano.a(lib_a-wsetup.o)
 .riscv.attributes
                0x000000000000043f       0x2b d:/e203/nucleistudio/toolchain/gcc/bin/../lib/gcc/riscv-nuclei-elf/10.2.0/../../../../riscv-nuclei-elf/lib/rv32imac/ilp32\libg_nano.a(lib_a-__atexit.o)
 .riscv.attributes
                0x000000000000046a       0x2b d:/e203/nucleistudio/toolchain/gcc/bin/../lib/gcc/riscv-nuclei-elf/10.2.0/../../../../riscv-nuclei-elf/lib/rv32imac/ilp32\libg_nano.a(lib_a-__call_atexit.o)
 .riscv.attributes
                0x0000000000000495       0x2b d:/e203/nucleistudio/toolchain/gcc/bin/../lib/gcc/riscv-nuclei-elf/10.2.0/../../../../riscv-nuclei-elf/lib/rv32imac/ilp32\libg_nano.a(lib_a-fflush.o)
 .riscv.attributes
                0x00000000000004c0       0x2b d:/e203/nucleistudio/toolchain/gcc/bin/../lib/gcc/riscv-nuclei-elf/10.2.0/../../../../riscv-nuclei-elf/lib/rv32imac/ilp32\libg_nano.a(lib_a-findfp.o)
 .riscv.attributes
                0x00000000000004eb       0x2b d:/e203/nucleistudio/toolchain/gcc/bin/../lib/gcc/riscv-nuclei-elf/10.2.0/../../../../riscv-nuclei-elf/lib/rv32imac/ilp32\libg_nano.a(lib_a-fwalk.o)
 .riscv.attributes
                0x0000000000000516       0x2b d:/e203/nucleistudio/toolchain/gcc/bin/../lib/gcc/riscv-nuclei-elf/10.2.0/../../../../riscv-nuclei-elf/lib/rv32imac/ilp32\libg_nano.a(lib_a-impure.o)
 .riscv.attributes
                0x0000000000000541       0x2b d:/e203/nucleistudio/toolchain/gcc/bin/../lib/gcc/riscv-nuclei-elf/10.2.0/../../../../riscv-nuclei-elf/lib/rv32imac/ilp32\libg_nano.a(lib_a-makebuf.o)
 .riscv.attributes
                0x000000000000056c       0x29 d:/e203/nucleistudio/toolchain/gcc/bin/../lib/gcc/riscv-nuclei-elf/10.2.0/../../../../riscv-nuclei-elf/lib/rv32imac/ilp32\libg_nano.a(lib_a-memset.o)
 .riscv.attributes
                0x0000000000000595       0x2b d:/e203/nucleistudio/toolchain/gcc/bin/../lib/gcc/riscv-nuclei-elf/10.2.0/../../../../riscv-nuclei-elf/lib/rv32imac/ilp32\libg_nano.a(lib_a-nano-freer.o)
 .riscv.attributes
                0x00000000000005c0       0x2b d:/e203/nucleistudio/toolchain/gcc/bin/../lib/gcc/riscv-nuclei-elf/10.2.0/../../../../riscv-nuclei-elf/lib/rv32imac/ilp32\libg_nano.a(lib_a-nano-mallocr.o)
 .riscv.attributes
                0x00000000000005eb       0x2b d:/e203/nucleistudio/toolchain/gcc/bin/../lib/gcc/riscv-nuclei-elf/10.2.0/../../../../riscv-nuclei-elf/lib/rv32imac/ilp32\libg_nano.a(lib_a-nano-vfprintf.o)
 .riscv.attributes
                0x0000000000000616       0x2b d:/e203/nucleistudio/toolchain/gcc/bin/../lib/gcc/riscv-nuclei-elf/10.2.0/../../../../riscv-nuclei-elf/lib/rv32imac/ilp32\libg_nano.a(lib_a-nano-vfprintf_i.o)
 .riscv.attributes
                0x0000000000000641       0x2b d:/e203/nucleistudio/toolchain/gcc/bin/../lib/gcc/riscv-nuclei-elf/10.2.0/../../../../riscv-nuclei-elf/lib/rv32imac/ilp32\libg_nano.a(lib_a-sbrkr.o)
 .riscv.attributes
                0x000000000000066c       0x2b d:/e203/nucleistudio/toolchain/gcc/bin/../lib/gcc/riscv-nuclei-elf/10.2.0/../../../../riscv-nuclei-elf/lib/rv32imac/ilp32\libg_nano.a(lib_a-stdio.o)
 .riscv.attributes
                0x0000000000000697       0x2b d:/e203/nucleistudio/toolchain/gcc/bin/../lib/gcc/riscv-nuclei-elf/10.2.0/../../../../riscv-nuclei-elf/lib/rv32imac/ilp32\libg_nano.a(lib_a-writer.o)
 .riscv.attributes
                0x00000000000006c2       0x2b d:/e203/nucleistudio/toolchain/gcc/bin/../lib/gcc/riscv-nuclei-elf/10.2.0/../../../../riscv-nuclei-elf/lib/rv32imac/ilp32\libg_nano.a(lib_a-closer.o)
 .riscv.attributes
                0x00000000000006ed       0x2b d:/e203/nucleistudio/toolchain/gcc/bin/../lib/gcc/riscv-nuclei-elf/10.2.0/../../../../riscv-nuclei-elf/lib/rv32imac/ilp32\libg_nano.a(lib_a-fstatr.o)
 .riscv.attributes
                0x0000000000000718       0x2b d:/e203/nucleistudio/toolchain/gcc/bin/../lib/gcc/riscv-nuclei-elf/10.2.0/../../../../riscv-nuclei-elf/lib/rv32imac/ilp32\libg_nano.a(lib_a-isattyr.o)
 .riscv.attributes
                0x0000000000000743       0x2b d:/e203/nucleistudio/toolchain/gcc/bin/../lib/gcc/riscv-nuclei-elf/10.2.0/../../../../riscv-nuclei-elf/lib/rv32imac/ilp32\libg_nano.a(lib_a-lseekr.o)
 .riscv.attributes
                0x000000000000076e       0x2b d:/e203/nucleistudio/toolchain/gcc/bin/../lib/gcc/riscv-nuclei-elf/10.2.0/../../../../riscv-nuclei-elf/lib/rv32imac/ilp32\libg_nano.a(lib_a-memchr.o)
 .riscv.attributes
                0x0000000000000799       0x2b d:/e203/nucleistudio/toolchain/gcc/bin/../lib/gcc/riscv-nuclei-elf/10.2.0/../../../../riscv-nuclei-elf/lib/rv32imac/ilp32\libg_nano.a(lib_a-mlock.o)
 .riscv.attributes
                0x00000000000007c4       0x2b d:/e203/nucleistudio/toolchain/gcc/bin/../lib/gcc/riscv-nuclei-elf/10.2.0/../../../../riscv-nuclei-elf/lib/rv32imac/ilp32\libg_nano.a(lib_a-readr.o)

.debug_frame    0x0000000000000000      0x4e4
 .debug_frame   0x0000000000000000       0x20 ./hbird_sdk/SoC/hbirdv2/Common/Source/Stubs/close.o
 .debug_frame   0x0000000000000020       0x20 ./hbird_sdk/SoC/hbirdv2/Common/Source/Stubs/fstat.o
 .debug_frame   0x0000000000000040       0x20 ./hbird_sdk/SoC/hbirdv2/Common/Source/Stubs/isatty.o
 .debug_frame   0x0000000000000060       0x20 ./hbird_sdk/SoC/hbirdv2/Common/Source/Stubs/lseek.o
 .debug_frame   0x0000000000000080       0x30 ./hbird_sdk/SoC/hbirdv2/Common/Source/Stubs/read.o
 .debug_frame   0x00000000000000b0       0x20 ./hbird_sdk/SoC/hbirdv2/Common/Source/Stubs/sbrk.o
 .debug_frame   0x00000000000000d0       0x40 ./hbird_sdk/SoC/hbirdv2/Common/Source/Stubs/write.o
 .debug_frame   0x0000000000000110       0xa0 ./hbird_sdk/SoC/hbirdv2/Common/Source/Drivers/hbirdv2_gpio.o
 .debug_frame   0x00000000000001b0      0x110 ./hbird_sdk/SoC/hbirdv2/Common/Source/Drivers/hbirdv2_uart.o
 .debug_frame   0x00000000000002c0       0x6c ./hbird_sdk/SoC/hbirdv2/Common/Source/hbirdv2_common.o
 .debug_frame   0x000000000000032c      0x180 ./hbird_sdk/SoC/hbirdv2/Common/Source/system_hbirdv2.o
 .debug_frame   0x00000000000004ac       0x38 ./application/main.o
